// Jest Snapshot v1, https://goo.gl/fbAQLP

exports[`should render ExpenseSummary correctly 1`] = `
<div>
  <h2>
    Viewing 3 expenses totalling $1141.95
  </h2>
</div>
`;
